Launching lib\main.dart on Chrome in debug mode...
Waiting for connection from debug service on Chrome...          
flutter : lib/screens/a
uth/login_screen.dart:1
26:23: Error: Can't 
find ')' to match '('.
At line:1 char:1
+ flutter run -d 
chrome > 
build_errors.txt 2>&1
+ ~~~~~~~~~~~~~~~~~~~~~
~~~~~~~~~~~~~~~~~~~~~~~
~
    + CategoryInfo     
         : NotSpecifi  
  ed: (lib/screens/a   
 ut...' to match '(    
'.:String) [], Rem    
oteException
    + FullyQualifiedEr 
   rorId : NativeComm  
  andError
 
                Center(
                      ^
lib/screens/auth/login_
screen.dart:126:23: 
Error: Too many 
positional arguments: 
0 allowed, but 5 found.
Try removing the extra 
positional arguments.
                Center(
                      ^
/D:/flutter/packages/fl
utter/lib/src/widgets/b
asic.dart:2552:9: 
Context: Found this 
candidate, but the 
arguments don't match.
  const 
Center({super.key, 
super.widthFactor, 
super.heightFactor, 
super.child});
        ^^^^^^
lib/screens/auth/login_
screen.dart:286:9: 
Error: Expected an 
identifier, but got 
']'.
Try inserting an 
identifier before ']'.
        ],
        ^
lib/screens/auth/login_
screen.dart:286:9: 
Error: Expected ')' 
before this.
        ],
        ^
lib/screens/auth/login_
screen.dart:116:26: 
Error: Too many 
positional arguments: 
0 allowed, but 1 found.
Try removing the extra 
positional arguments.
      body: 
AppBackground(
                       
  ^
lib/widgets/app_backgro
und.dart:7:9: Context: 
Found this candidate, 
but the arguments 
don't match.
  const AppBackground({
super.key, 
this.child});
        ^^^^^^^^^^^^^
lib/screens/auth/regist
er_screen.dart:76:17: 
Error: Expected ';' 
after this.
                ),
                ^
lib/screens/auth/regist
er_screen.dart:76:18: 
Error: Expected an 
identifier, but got 
','.
Try inserting an 
identifier before ','.
                ),
                 ^
lib/screens/auth/regist
er_screen.dart:76:18: 
Error: Unexpected 
token ';'.
                ),
                 ^
lib/screens/auth/regist
er_screen.dart:77:15: 
Error: Expected an 
identifier, but got 
')'.
Try inserting an 
identifier before ')'.
              ),
              ^
lib/screens/auth/regist
er_screen.dart:76:18: 
Error: Expected ';' 
after this.
                ),
                 ^
lib/screens/auth/regist
er_screen.dart:77:15: 
Error: Unexpected 
token ';'.
              ),
              ^
lib/screens/auth/regist
er_screen.dart:77:16: 
Error: Expected an 
identifier, but got 
','.
Try inserting an 
identifier before ','.
              ),
               ^
lib/screens/auth/regist
er_screen.dart:77:15: 
Error: Expected ';' 
after this.
              ),
              ^
lib/screens/auth/regist
er_screen.dart:77:16: 
Error: Unexpected 
token ';'.
              ),
               ^
lib/screens/auth/regist
er_screen.dart:78:13: 
Error: Expected an 
identifier, but got 
')'.
Try inserting an 
identifier before ')'.
            ),
            ^
lib/screens/auth/regist
er_screen.dart:77:16: 
Error: Expected ';' 
after this.
              ),
               ^
lib/screens/auth/regist
er_screen.dart:78:13: 
Error: Unexpected 
token ';'.
            ),
            ^
lib/screens/auth/regist
er_screen.dart:78:14: 
Error: Expected an 
identifier, but got 
','.
Try inserting an 
identifier before ','.
            ),
             ^
lib/screens/auth/regist
er_screen.dart:78:13: 
Error: Expected ';' 
after this.
            ),
            ^
lib/screens/auth/regist
er_screen.dart:78:14: 
Error: Unexpected 
token ';'.
            ),
             ^
lib/screens/auth/regist
er_screen.dart:79:11: 
Error: Expected an 
identifier, but got 
')'.
Try inserting an 
identifier before ')'.
          ),
          ^
lib/screens/auth/regist
er_screen.dart:78:14: 
Error: Expected ';' 
after this.
            ),
             ^
lib/screens/auth/regist
er_screen.dart:79:11: 
Error: Unexpected 
token ';'.
          ),
          ^
lib/screens/auth/regist
er_screen.dart:79:12: 
Error: Expected an 
identifier, but got 
','.
Try inserting an 
identifier before ','.
          ),
           ^
lib/screens/auth/regist
er_screen.dart:79:11: 
Error: Expected ';' 
after this.
          ),
          ^
lib/screens/auth/regist
er_screen.dart:79:12: 
Error: Unexpected 
token ';'.
          ),
           ^
lib/screens/auth/regist
er_screen.dart:96:11: 
Error: Expected ';' 
after this.
          ),
          ^
lib/screens/auth/regist
er_screen.dart:96:12: 
Error: Expected an 
identifier, but got 
','.
Try inserting an 
identifier before ','.
          ),
           ^
lib/screens/auth/regist
er_screen.dart:96:12: 
Error: Unexpected 
token ';'.
          ),
           ^
lib/screens/auth/regist
er_screen.dart:358:11: 
Error: Expected ';' 
after this.
          ),
          ^
lib/screens/auth/regist
er_screen.dart:358:12: 
Error: Expected an 
identifier, but got 
','.
Try inserting an 
identifier before ','.
          ),
           ^
lib/screens/auth/regist
er_screen.dart:358:12: 
Error: Unexpected 
token ';'.
          ),
           ^
lib/screens/auth/regist
er_screen.dart:359:9: 
Error: Expected an 
identifier, but got 
']'.
Try inserting an 
identifier before ']'.
        ],
        ^
lib/screens/auth/regist
er_screen.dart:358:12: 
Error: Expected ';' 
after this.
          ),
           ^
lib/screens/auth/regist
er_screen.dart:359:9: 
Error: Unexpected 
token ';'.
        ],
        ^
lib/screens/auth/regist
er_screen.dart:359:10: 
Error: Expected an 
identifier, but got 
','.
Try inserting an 
identifier before ','.
        ],
         ^
lib/screens/auth/regist
er_screen.dart:359:9: 
Error: Expected ';' 
after this.
        ],
        ^
lib/screens/auth/regist
er_screen.dart:359:10: 
Error: Unexpected 
token ';'.
        ],
         ^
lib/screens/auth/regist
er_screen.dart:360:7: 
Error: Expected an 
identifier, but got 
')'.
Try inserting an 
identifier before ')'.
      ),
      ^
lib/screens/auth/regist
er_screen.dart:359:10: 
Error: Expected ';' 
after this.
        ],
         ^
lib/screens/auth/regist
er_screen.dart:360:7: 
Error: Unexpected 
token ';'.
      ),
      ^
lib/screens/auth/regist
er_screen.dart:360:8: 
Error: Expected an 
identifier, but got 
','.
Try inserting an 
identifier before ','.
      ),
       ^
lib/screens/auth/regist
er_screen.dart:360:7: 
Error: Expected ';' 
after this.
      ),
      ^
lib/screens/auth/regist
er_screen.dart:360:8: 
Error: Unexpected 
token ';'.
      ),
       ^
lib/screens/auth/regist
er_screen.dart:361:5: 
Error: Expected an 
identifier, but got 
')'.
Try inserting an 
identifier before ')'.
    );
    ^
lib/screens/auth/regist
er_screen.dart:360:8: 
Error: Expected ';' 
after this.
      ),
       ^
lib/screens/auth/regist
er_screen.dart:361:5: 
Error: Unexpected 
token ';'.
    );
    ^
lib/screens/auth/forgot
_password_screen.dart:1
92:17: Error: Expected 
an identifier, but got 
')'.
Try inserting an 
identifier before ')'.
                ),
                ^
lib/screens/auth/forgot
_password_screen.dart:1
92:17: Error: Expected 
']' before this.
                ),
                ^
lib/screens/home/home_s
creen.dart:226:9: 
Error: Expected an 
identifier, but got 
']'.
Try inserting an 
identifier before ']'.
        ],
        ^
lib/screens/home/home_s
creen.dart:226:9: 
Error: Expected ')' 
before this.
        ],
        ^
lib/screens/home/home_s
creen.dart:54:26: 
Error: Too many 
positional arguments: 
0 allowed, but 1 found.
Try removing the extra 
positional arguments.
      body: 
AppBackground(
                       
  ^
lib/widgets/app_backgro
und.dart:7:9: Context: 
Found this candidate, 
but the arguments 
don't match.
  const AppBackground({
super.key, 
this.child});
        ^^^^^^^^^^^^^
Waiting for connection from debug service on Chrome...             14.8s
Failed to compile 
application.
